Archive member included because of file (symbol)

c:/program files (x86)/atmel/atmel toolchain/avr8 gcc/native/3.4.1061/avr8-gnu-toolchain/bin/../lib/gcc/avr/4.8.1/../../../../avr/lib/avrxmega2\libm.a(addsf3.o)
                              src/main.o (__subsf3)
c:/program files (x86)/atmel/atmel toolchain/avr8 gcc/native/3.4.1061/avr8-gnu-toolchain/bin/../lib/gcc/avr/4.8.1/../../../../avr/lib/avrxmega2\libm.a(addsf3x.o)
                              c:/program files (x86)/atmel/atmel toolchain/avr8 gcc/native/3.4.1061/avr8-gnu-toolchain/bin/../lib/gcc/avr/4.8.1/../../../../avr/lib/avrxmega2\libm.a(addsf3.o) (__addsf3x)
c:/program files (x86)/atmel/atmel toolchain/avr8 gcc/native/3.4.1061/avr8-gnu-toolchain/bin/../lib/gcc/avr/4.8.1/../../../../avr/lib/avrxmega2\libm.a(cmpsf2.o)
                              src/main.o (__ltsf2)
c:/program files (x86)/atmel/atmel toolchain/avr8 gcc/native/3.4.1061/avr8-gnu-toolchain/bin/../lib/gcc/avr/4.8.1/../../../../avr/lib/avrxmega2\libm.a(divsf3.o)
                              src/OctoPlus/drivers/Servo.o (__divsf3)
c:/program files (x86)/atmel/atmel toolchain/avr8 gcc/native/3.4.1061/avr8-gnu-toolchain/bin/../lib/gcc/avr/4.8.1/../../../../avr/lib/avrxmega2\libm.a(divsf3x.o)
                              c:/program files (x86)/atmel/atmel toolchain/avr8 gcc/native/3.4.1061/avr8-gnu-toolchain/bin/../lib/gcc/avr/4.8.1/../../../../avr/lib/avrxmega2\libm.a(divsf3.o) (__divsf3x)
c:/program files (x86)/atmel/atmel toolchain/avr8 gcc/native/3.4.1061/avr8-gnu-toolchain/bin/../lib/gcc/avr/4.8.1/../../../../avr/lib/avrxmega2\libm.a(fixsfdi.o)
                              src/OctoPlus/drivers/leds.o (__fixunssfdi)
c:/program files (x86)/atmel/atmel toolchain/avr8 gcc/native/3.4.1061/avr8-gnu-toolchain/bin/../lib/gcc/avr/4.8.1/../../../../avr/lib/avrxmega2\libm.a(fixsfsi.o)
                              src/main.o (__fixsfsi)
c:/program files (x86)/atmel/atmel toolchain/avr8 gcc/native/3.4.1061/avr8-gnu-toolchain/bin/../lib/gcc/avr/4.8.1/../../../../avr/lib/avrxmega2\libm.a(fixunssfsi.o)
                              src/OctoPlus/drivers/Servo.o (__fixunssfsi)
c:/program files (x86)/atmel/atmel toolchain/avr8 gcc/native/3.4.1061/avr8-gnu-toolchain/bin/../lib/gcc/avr/4.8.1/../../../../avr/lib/avrxmega2\libm.a(floatsisf.o)
                              src/OctoPlus/drivers/Servo.o (__floatunsisf)
c:/program files (x86)/atmel/atmel toolchain/avr8 gcc/native/3.4.1061/avr8-gnu-toolchain/bin/../lib/gcc/avr/4.8.1/../../../../avr/lib/avrxmega2\libm.a(floatundisf.o)
                              src/OctoPlus/drivers/leds.o (__floatundisf)
c:/program files (x86)/atmel/atmel toolchain/avr8 gcc/native/3.4.1061/avr8-gnu-toolchain/bin/../lib/gcc/avr/4.8.1/../../../../avr/lib/avrxmega2\libm.a(fp_cmp.o)
                              c:/program files (x86)/atmel/atmel toolchain/avr8 gcc/native/3.4.1061/avr8-gnu-toolchain/bin/../lib/gcc/avr/4.8.1/../../../../avr/lib/avrxmega2\libm.a(cmpsf2.o) (__fp_cmp)
c:/program files (x86)/atmel/atmel toolchain/avr8 gcc/native/3.4.1061/avr8-gnu-toolchain/bin/../lib/gcc/avr/4.8.1/../../../../avr/lib/avrxmega2\libm.a(fp_inf.o)
                              c:/program files (x86)/atmel/atmel toolchain/avr8 gcc/native/3.4.1061/avr8-gnu-toolchain/bin/../lib/gcc/avr/4.8.1/../../../../avr/lib/avrxmega2\libm.a(addsf3x.o) (__fp_inf)
c:/program files (x86)/atmel/atmel toolchain/avr8 gcc/native/3.4.1061/avr8-gnu-toolchain/bin/../lib/gcc/avr/4.8.1/../../../../avr/lib/avrxmega2\libm.a(fp_nan.o)
                              c:/program files (x86)/atmel/atmel toolchain/avr8 gcc/native/3.4.1061/avr8-gnu-toolchain/bin/../lib/gcc/avr/4.8.1/../../../../avr/lib/avrxmega2\libm.a(addsf3x.o) (__fp_nan)
c:/program files (x86)/atmel/atmel toolchain/avr8 gcc/native/3.4.1061/avr8-gnu-toolchain/bin/../lib/gcc/avr/4.8.1/../../../../avr/lib/avrxmega2\libm.a(fp_negdi.o)
                              c:/program files (x86)/atmel/atmel toolchain/avr8 gcc/native/3.4.1061/avr8-gnu-toolchain/bin/../lib/gcc/avr/4.8.1/../../../../avr/lib/avrxmega2\libm.a(fixsfdi.o) (__fp_negdi)
c:/program files (x86)/atmel/atmel toolchain/avr8 gcc/native/3.4.1061/avr8-gnu-toolchain/bin/../lib/gcc/avr/4.8.1/../../../../avr/lib/avrxmega2\libm.a(fp_pscA.o)
                              c:/program files (x86)/atmel/atmel toolchain/avr8 gcc/native/3.4.1061/avr8-gnu-toolchain/bin/../lib/gcc/avr/4.8.1/../../../../avr/lib/avrxmega2\libm.a(addsf3x.o) (__fp_pscA)
c:/program files (x86)/atmel/atmel toolchain/avr8 gcc/native/3.4.1061/avr8-gnu-toolchain/bin/../lib/gcc/avr/4.8.1/../../../../avr/lib/avrxmega2\libm.a(fp_pscB.o)
                              c:/program files (x86)/atmel/atmel toolchain/avr8 gcc/native/3.4.1061/avr8-gnu-toolchain/bin/../lib/gcc/avr/4.8.1/../../../../avr/lib/avrxmega2\libm.a(addsf3x.o) (__fp_pscB)
c:/program files (x86)/atmel/atmel toolchain/avr8 gcc/native/3.4.1061/avr8-gnu-toolchain/bin/../lib/gcc/avr/4.8.1/../../../../avr/lib/avrxmega2\libm.a(fp_round.o)
[...]
Memory Configuration

Name             Origin             Length             Attributes
text             0x00000000         0x00100000         xr
data             0x00802000         0x0000ffa0         rw !x
eeprom           0x00810000         0x00010000         rw !x
fuse             0x00820000         0x00000400         rw !x
lock             0x00830000         0x00000400         rw !x
signature        0x00840000         0x00000400         rw !x
user_signatures  0x00850000         0x00000400         rw !x
*default*        0x00000000         0xffffffff

Linker script and memory map

LOAD c:/program files (x86)/atmel/atmel toolchain/avr8 gcc/native/3.4.1061/avr8-gnu-toolchain/bin/../lib/gcc/avr/4.8.1/../../../../avr/lib/avrxmega2/crtx32a4u.o
LOAD src/ASF/common/services/usb/class/cdc/device/udi_cdc.o
LOAD src/ASF/common/services/usb/udc/udc.o
LOAD src/ASF/xmega/drivers/tc/tc.o
LOAD src/ASF/xmega/drivers/twi/twim.o
LOAD src/ASF/xmega/drivers/twi/twis.o
LOAD src/ASF/xmega/drivers/usb/usb_device.o
LOAD src/ASF/common/services/usb/class/cdc/device/udi_cdc_desc.o
LOAD src/ASF/common/services/sleepmgr/xmega/sleepmgr.o
LOAD src/ASF/common/services/ioport/xmega/ioport_compat.o
LOAD src/ASF/common/services/clock/xmega/sysclk.o
LOAD src/ASF/xmega/drivers/nvm/nvm.o
LOAD src/ASF/xmega/drivers/nvm/nvm_asm.o
LOAD src/ASF/xmega/drivers/cpu/ccp.o
LOAD src/ASF/xmega/services/pwm/pwm.o
LOAD src/OctoPlus/drivers/gesture_ligth_sensor.o
LOAD src/OctoPlus/drivers/io_port.o
LOAD src/OctoPlus/drivers/line_sensor.o
LOAD src/OctoPlus/drivers/motors.o
LOAD src/OctoPlus/drivers/Servo.o
LOAD src/OctoPlus/drivers/OctoPlus.o
LOAD src/OctoPlus/drivers/leds.o
LOAD src/OctoPlus/drivers/switch.o
LOAD src/OctoPlus/drivers/usb_serial.o
LOAD src/ASF/common/boards/user_board/init.o
LOAD src/main.o
START GROUP
LOAD c:/program files (x86)/atmel/atmel toolchain/avr8 gcc/native/3.4.1061/avr8-gnu-toolchain/bin/../lib/gcc/avr/4.8.1/../../../../avr/lib/avrxmega2\libm.a
END GROUP
START GROUP
LOAD c:/program files (x86)/atmel/atmel toolchain/avr8 gcc/native/3.4.1061/avr8-gnu-toolchain/bin/../lib/gcc/avr/4.8.1/avrxmega2\libgcc.a
LOAD c:/program files (x86)/atmel/atmel toolchain/avr8 gcc/native/3.4.1061/avr8-gnu-toolchain/bin/../lib/gcc/avr/4.8.1/../../../../avr/lib/avrxmega2\libm.a
LOAD c:/program files (x86)/atmel/atmel toolchain/avr8 gcc/native/3.4.1061/avr8-gnu-toolchain/bin/../lib/gcc/avr/4.8.1/../../../../avr/lib/avrxmega2\libc.a
END GROUP

.hash
 *(.hash)

.dynsym
 *(.dynsym)

.dynstr
 *(.dynstr)

.gnu.version
 *(.gnu.version)

.gnu.version_d
 *(.gnu.version_d)

.gnu.version_r
 *(.gnu.version_r)

.rel.init
 *(.rel.init)

.rela.init
 *(.rela.init)

.rel.text
 *(.rel.text)
 *(.rel.text.*)
 *(.rel.gnu.linkonce.t*)

.rela.text
 *(.rela.text)
 *(.rela.text.*)
 *(.rela.gnu.linkonce.t*)

.rel.fini
 *(.rel.fini)

.rela.fini
 *(.rela.fini)

.rel.rodata
 *(.rel.rodata)
 *(.rel.rodata.*)
 *(.rel.gnu.linkonce.r*)

.rela.rodata
 *(.rela.rodata)
 *(.rela.rodata.*)
 *(.rela.gnu.linkonce.r*)

.rel.data
 *(.rel.data)
 *(.rel.data.*)
 *(.rel.gnu.linkonce.d*)

.rela.data
 *(.rela.data)
 *(.rela.data.*)
 *(.rela.gnu.linkonce.d*)

.rel.ctors
 *(.rel.ctors)

.rela.ctors
 *(.rela.ctors)

.rel.dtors
 *(.rel.dtors)

.rela.dtors
 *(.rela.dtors)

.rel.got
 *(.rel.got)

.rela.got
 *(.rela.got)

.rel.bss
 *(.rel.bss)

.rela.bss
 *(.rela.bss)

.rel.plt
 *(.rel.plt)

.rela.plt
 *(.rela.plt)

.text           0x00000000     0x4eb6
 *(.vectors)
 .vectors       0x00000000      0x1fc c:/program files (x86)/atmel/atmel toolchain/avr8 gcc/native/3.4.1061/avr8-gnu-toolchain/bin/../lib/gcc/avr/4.8.1/../../../../avr/lib/avrxmega2/crtx32a4u.o
                0x00000000                __vector_default
                0x00000000                __vectors
 *(.vectors)
 *(.progmem.gcc*)
 .progmem.gcc_sw_table.udd_ep_get_size
                0x000001fc        0xe src/ASF/xmega/drivers/usb/usb_device.o
                0x0000020a                . = ALIGN (0x2)
                0x0000020a                __trampolines_start = .
 *(.trampolines)
 .trampolines   0x0000020a        0x0 linker stubs
 *(.trampolines*)
                0x0000020a                __trampolines_end = .
 *(.progmem*)
                0x0000020a                . = ALIGN (0x2)
 *(.jumptables)
 *(.jumptables*)
 *(.lowtext)
 *(.lowtext*)
                0x0000020a                __ctors_start = .
 *(.ctors)
                0x0000020a                __ctors_end = .
                0x0000020a                __dtors_start = .
 *(.dtors)
                0x0000020a                __dtors_end = .
 SORT(*)(.ctors)
 SORT(*)(.dtors)
 *(.init0)
 .init0         0x0000020a        0x0 c:/program files (x86)/atmel/atmel toolchain/avr8 gcc/native/3.4.1061/avr8-gnu-toolchain/bin/../lib/gcc/avr/4.8.1/../../../../avr/lib/avrxmega2/crtx32a4u.o
                0x0000020a                __init
 *(.init0)
 *(.init1)
 *(.init1)
 *(.init2)
 .init2         0x0000020a        0xc c:/program files (x86)/atmel/atmel toolchain/avr8 gcc/native/3.4.1061/avr8-gnu-toolchain/bin/../lib/gcc/avr/4.8.1/../../../../avr/lib/avrxmega2/crtx32a4u.o
 *(.init2)
 *(.init3)
 *(.init3)
 *(.init4)
 .init4         0x00000216       0x16 c:/program files (x86)/atmel/atmel toolchain/avr8 gcc/native/3.4.1061/avr8-gnu-toolchain/bin/../lib/gcc/avr/4.8.1/avrxmega2\libgcc.a(_copy_data.o)
                0x00000216                __do_copy_data
 .init4         0x0000022c       0x10 c:/program files (x86)/atmel/atmel toolchain/avr8 gcc/native/3.4.1061/avr8-gnu-toolchain/bin/../lib/gcc/avr/4.8.1/avrxmega2\libgcc.a(_clear_bss.o)
                0x0000022c                __do_clear_bss
 *(.init4)
 *(.init5)
 *(.init5)
 *(.init6)
 *(.init6)
 *(.init7)
 *(.init7)
 *(.init8)
 *(.init8)
 *(.init9)
 .init9         0x0000023c        0x8 c:/program files (x86)/atmel/atmel toolchain/avr8 gcc/native/3.4.1061/avr8-gnu-toolchain/bin/../lib/gcc/avr/4.8.1/../../../../avr/lib/avrxmega2/crtx32a4u.o
 *(.init9)
 *(.text)
 .text          0x00000244        0x2 c:/program files (x86)/atmel/atmel toolchain/avr8 gcc/native/3.4.1061/avr8-gnu-toolchain/bin/../lib/gcc/avr/4.8.1/../../../../avr/lib/avrxmega2/crtx32a4u.o
                0x00000244                __vector_38
                0x00000244                __vector_104
                0x00000244                __vector_63
                0x00000244                __vector_28
                0x00000244                __vector_67
                0x00000244                __vector_1
                0x00000244                __vector_119
                0x00000244                __vector_32
                0x00000244                __vector_75
                0x00000244                __vector_71
                0x00000244                __vector_91
                0x00000244                __vector_34
                0x00000244                __vector_62
                0x00000244                __vector_102
                0x00000244                __vector_24
                0x00000244                __vector_12
                0x00000244                __vector_55
                0x00000244                __vector_69
                0x00000244                __vector_90
                0x00000244                __bad_interrupt
                0x00000244                __vector_122
                0x00000244                __vector_72
                0x00000244                __vector_114
                0x00000244                __vector_6
                0x00000244                __vector_110
                0x00000244                __vector_31
                0x00000244                __vector_92
                0x00000244                __vector_35
                0x00000244                __vector_74
                0x00000244                __vector_117
                0x00000244                __vector_39
                0x00000244                __vector_107
                0x00000244                __vector_3
                0x00000244                __vector_105
                0x00000244                __vector_98
                0x00000244                __vector_68
                0x00000244                __vector_30
                0x00000244                __vector_73
                0x00000244                __vector_45
                0x00000244                __vector_25
                0x00000244                __vector_93
                0x00000244                __vector_61
                0x00000244                __vector_11
                0x00000244                __vector_54
                0x00000244                __vector_99
                0x00000244                __vector_56
                0x00000244                __vector_7
                0x00000244                __vector_123
                0x00000244                __vector_41
                0x00000244                __vector_100
                0x00000244                __vector_101
                0x00000244                __vector_64
                0x00000244                __vector_88
                0x00000244                __vector_109
                0x00000244                __vector_27
                0x00000244                __vector_5
                0x00000244                __vector_113
                0x00000244                __vector_33
                0x00000244                __vector_76
                0x00000244                __vector_115
                0x00000244                __vector_37
                0x00000244                __vector_95
                0x00000244                __vector_103
                0x00000244                __vector_96
                0x00000244                __vector_89
                0x00000244                __vector_108
                0x00000244                __vector_4
                0x00000244                __vector_106
                0x00000244                __vector_118
                0x00000244                __vector_9
                0x00000244                __vector_2
                0x00000244                __vector_66
                0x00000244                __vector_36
                0x00000244                __vector_58
                0x00000244                __vector_70
                0x00000244                __vector_29
                0x00000244                __vector_60
                0x00000244                __vector_121
                0x00000244                __vector_40
                0x00000244                __vector_94
                0x00000244                __vector_8
                0x00000244                __vector_26
                0x00000244                __vector_124
                0x00000244                __vector_116
                0x00000244                __vector_112
                0x00000244                __vector_111
                0x00000244                __vector_57
                0x00000244                __vector_53
                0x00000244                __vector_10
                0x00000244                __vector_59
                0x00000244                __vector_97
                0x00000244                __vector_42
                0x00000244                __vector_87
                0x00000244                __vector_65
                0x00000244                __vector_120
                0x00000246                . = ALIGN (0x2)
 *(.text.*)
 .text.udi_cdc_comm_enable
                0x00000246       0x70 src/ASF/common/services/usb/class/cdc/device/udi_cdc.o
                0x00000246                udi_cdc_comm_enable
 .text.udi_cdc_comm_disable
                0x000002b6        0xc src/ASF/common/services/usb/class/cdc/device/udi_cdc.o
                0x000002b6                udi_cdc_comm_disable
 .text.udi_cdc_data_disable
                0x000002c2       0x14 src/ASF/common/services/usb/class/cdc/device/udi_cdc.o
                0x000002c2                udi_cdc_data_disable
 .text.udi_cdc_data_setup
                0x000002d6        0x4 src/ASF/common/services/usb/class/cdc/device/udi_cdc.o
                0x000002d6                udi_cdc_data_setup
 .text.udi_cdc_getsetting
                0x000002da        0x4 src/ASF/common/services/usb/class/cdc/device/udi_cdc.o
                0x000002da                udi_cdc_getsetting
 .text.udi_cdc_comm_setup
                0x000002de       0xa0 src/ASF/common/services/usb/class/cdc/device/udi_cdc.o
                0x000002de                udi_cdc_comm_setup
 .text.udi_cdc_line_coding_received
                0x0000037e        0x2 src/ASF/common/services/usb/class/cdc/device/udi_cdc.o
 .text.udi_cdc_tx_send
                0x00000380      0x156 src/ASF/common/services/usb/class/cdc/device/udi_cdc.o
 .text.udi_cdc_data_sent
                0x000004d6       0x30 src/ASF/common/services/usb/class/cdc/device/udi_cdc.o
 .text.udi_cdc_data_sof_notify
                0x00000506        0x6 src/ASF/common/services/usb/class/cdc/device/udi_cdc.o
                0x00000506                udi_cdc_data_sof_notify
 .text.udi_cdc_multi_get_nb_received_data
                0x0000050c       0x26 src/ASF/common/services/usb/class/cdc/device/udi_cdc.o
                0x0000050c                udi_cdc_multi_get_nb_received_data
 .text.udi_cdc_multi_is_rx_ready
                0x00000532        0xe src/ASF/common/services/usb/class/cdc/device/udi_cdc.o
                0x00000532                udi_cdc_multi_is_rx_ready
 .text.udi_cdc_rx_start
                0x00000540       0x8e src/ASF/common/services/usb/class/cdc/device/udi_cdc.o
 .text.udi_cdc_data_enable
                0x000005ce       0x64 src/ASF/common/services/usb/class/cdc/device/udi_cdc.o
                0x000005ce                udi_cdc_data_enable
 .text.udi_cdc_data_received
                0x00000632       0x62 src/ASF/common/services/usb/class/cdc/device/udi_cdc.o
 .text.udi_cdc_is_rx_ready
                0x00000694        0x6 src/ASF/common/services/usb/class/cdc/device/udi_cdc.o
                0x00000694                udi_cdc_is_rx_ready
 .text.udi_cdc_multi_getc
                0x0000069a       0x92 src/ASF/common/services/usb/class/cdc/device/udi_cdc.o
                0x0000069a                udi_cdc_multi_getc
 .text.udi_cdc_getc
                0x0000072c        0x6 src/ASF/common/services/usb/class/cdc/device/udi_cdc.o
                0x0000072c                udi_cdc_getc
 .text.udi_cdc_multi_get_free_tx_buffer
                0x00000732       0x66 src/ASF/common/services/usb/class/cdc/device/udi_cdc.o
                0x00000732                udi_cdc_multi_get_free_tx_buffer
 .text.udi_cdc_multi_is_tx_ready
                0x00000798        0xe src/ASF/common/services/usb/class/cdc/device/udi_cdc.o
                0x00000798                udi_cdc_multi_is_tx_ready
 .text.udi_cdc_multi_putc
                0x000007a6       0x8a src/ASF/common/services/usb/class/cdc/device/udi_cdc.o
                0x000007a6                udi_cdc_multi_putc
 .text.udi_cdc_putc
                0x00000830        0x8 src/ASF/common/services/usb/class/cdc/device/udi_cdc.o
                0x00000830                udi_cdc_putc
 .text.udc_next_desc_in_iface
                0x00000838       0x6a src/ASF/common/services/usb/udc/udc.o
 .text.udc_valid_address
                0x000008a2        0xc src/ASF/common/services/usb/udc/udc.o
 .text.udc_update_iface_desc
                0x000008ae       0x74 src/ASF/common/services/usb/udc/udc.o
 .text.udc_iface_disable
                0x00000922       0x84 src/ASF/common/services/usb/udc/udc.o
 .text.udc_iface_enable
                0x000009a6       0x66 src/ASF/common/services/usb/udc/udc.o
 .text.udc_start
                0x00000a0c        0x6 src/ASF/common/services/usb/udc/udc.o
                0x00000a0c                udc_start
 .text.udc_reset
                0x00000a12       0x4e src/ASF/common/services/usb/udc/udc.o
                0x00000a12                udc_reset
 .text.udc_sof_notify
                0x00000a60       0x5e src/ASF/common/services/usb/udc/udc.o
                0x00000a60                udc_sof_notify
 .text.udc_process_setup
                0x00000abe      0x536 src/ASF/common/services/usb/udc/udc.o
                0x00000abe                udc_process_setup
 .text.__vector_14
                0x00000ff4       0x52 src/ASF/xmega/drivers/tc/tc.o
                0x00000ff4                __vector_14
 .text.__vector_15
                0x00001046       0x52 src/ASF/xmega/drivers/tc/tc.o
                0x00001046                __vector_15
 .text.__vector_16
                0x00001098       0x52 src/ASF/xmega/drivers/tc/tc.o
                0x00001098                __vector_16
 .text.__vector_17
                0x000010ea       0x52 src/ASF/xmega/drivers/tc/tc.o
                0x000010ea                __vector_17
 .text.__vector_18
                0x0000113c       0x52 src/ASF/xmega/drivers/tc/tc.o
                0x0000113c                __vector_18
 .text.__vector_19
                0x0000118e       0x52 src/ASF/xmega/drivers/tc/tc.o
                0x0000118e                __vector_19
 .text.__vector_20
                0x000011e0       0x52 src/ASF/xmega/drivers/tc/tc.o
                0x000011e0                __vector_20
 .text.__vector_21
                0x00001232       0x52 src/ASF/xmega/drivers/tc/tc.o
                0x00001232                __vector_21
 .text.__vector_22
                0x00001284       0x52 src/ASF/xmega/drivers/tc/tc.o
                0x00001284                __vector_22
 .text.__vector_23
                0x000012d6       0x52 src/ASF/xmega/drivers/tc/tc.o
                0x000012d6                __vector_23
 .text.__vector_77
                0x00001328       0x52 src/ASF/xmega/drivers/tc/tc.o
                0x00001328                __vector_77
 .text.__vector_78
                0x0000137a       0x52 src/ASF/xmega/drivers/tc/tc.o
                0x0000137a                __vector_78
 .text.__vector_79
                0x000013cc       0x52 src/ASF/xmega/drivers/tc/tc.o
                0x000013cc                __vector_79
 .text.__vector_80
                0x0000141e       0x52 src/ASF/xmega/drivers/tc/tc.o
                0x0000141e                __vector_80
 .text.__vector_81
                0x00001470       0x52 src/ASF/xmega/drivers/tc/tc.o
                0x00001470                __vector_81
 .text.__vector_82
                0x000014c2       0x52 src/ASF/xmega/drivers/tc/tc.o
                0x000014c2                __vector_82
 .text.__vector_83
                0x00001514       0x52 src/ASF/xmega/drivers/tc/tc.o
                0x00001514                __vector_83
 .text.__vector_84
                0x00001566       0x52 src/ASF/xmega/drivers/tc/tc.o
                0x00001566                __vector_84
 .text.__vector_85
                0x000015b8       0x52 src/ASF/xmega/drivers/tc/tc.o
                0x000015b8                __vector_85
 .text.__vector_86
                0x0000160a       0x52 src/ASF/xmega/drivers/tc/tc.o
                0x0000160a                __vector_86
 .text.__vector_47
                0x0000165c       0x52 src/ASF/xmega/drivers/tc/tc.o
                0x0000165c                __vector_47
 .text.__vector_48
                0x000016ae       0x52 src/ASF/xmega/drivers/tc/tc.o
                0x000016ae                __vector_48
 .text.__vector_49
                0x00001700       0x52 src/ASF/xmega/drivers/tc/tc.o
                0x00001700                __vector_49
 .text.__vector_50
                0x00001752       0x52 src/ASF/xmega/drivers/tc/tc.o
                0x00001752                __vector_50
 .text.__vector_51
                0x000017a4       0x52 src/ASF/xmega/drivers/tc/tc.o
                0x000017a4                __vector_51
 .text.__vector_52
                0x000017f6       0x52 src/ASF/xmega/drivers/tc/tc.o
                0x000017f6                __vector_52
 .text.tc_enable
                0x00001848       0xa4 src/ASF/xmega/drivers/tc/tc.o
                0x00001848                tc_enable
 .text.twim_interrupt_handler
                0x000018ec      0x13a src/ASF/xmega/drivers/twi/twim.o
 .text.__vector_13
                0x00001a26       0x46 src/ASF/xmega/drivers/twi/twim.o
                0x00001a26                __vector_13
 .text.__vector_46
                0x00001a6c       0x46 src/ASF/xmega/drivers/twi/twim.o
                0x00001a6c                __vector_46
 .text.twi_master_transfer
                0x00001ab2       0xb8 src/ASF/xmega/drivers/twi/twim.o
                0x00001ab2                twi_master_transfer
 .text.udd_sleep_mode
                0x00001b6a       0x3e src/ASF/xmega/drivers/usb/usb_device.o
 .text.udd_ctrl_init
                0x00001ba8       0x56 src/ASF/xmega/drivers/usb/usb_device.o
 .text.udd_ctrl_stall_data
                0x00001bfe       0x1c src/ASF/xmega/drivers/usb/usb_device.o
 .text.udd_ctrl_send_zlp_in
                0x00001c1a       0x1c src/ASF/xmega/drivers/usb/usb_device.o
 .text.udd_ctrl_endofrequest
                0x00001c36       0x10 src/ASF/xmega/drivers/usb/usb_device.o
 .text.udd_ctrl_in_sent
                0x00001c46       0xdc src/ASF/xmega/drivers/usb/usb_device.o
 .text.udd_ep_get_size
                0x00001d22       0x4a src/ASF/xmega/drivers/usb/usb_device.o
 .text.udd_ep_get_job
                0x00001d6c       0x36 src/ASF/xmega/drivers/usb/usb_device.o
 .text.udd_ctrl_interrupt_tc_setup
                0x00001da2       0xe0 src/ASF/xmega/drivers/usb/usb_device.o
 .text.udd_ep_trans_complet
                0x00001e82      0x228 src/ASF/xmega/drivers/usb/usb_device.o
 .text.udd_attach
                0x000020aa       0x46 src/ASF/xmega/drivers/usb/usb_device.o
                0x000020aa                udd_attach
 .text.udd_enable
                0x000020f0       0xe2 src/ASF/xmega/drivers/usb/usb_device.o
                0x000020f0                udd_enable
 .text.udd_is_high_speed
                0x000021d2        0x4 src/ASF/xmega/drivers/usb/usb_device.o
                0x000021d2                udd_is_high_speed
 .text.udd_set_address
                0x000021d6        0x6 src/ASF/xmega/drivers/usb/usb_device.o
                0x000021d6                udd_set_address
 .text.udd_getaddress
                0x000021dc        0x6 src/ASF/xmega/drivers/usb/usb_device.o
                0x000021dc                udd_getaddress
 .text.udd_get_frame_number
                0x000021e2        0xa src/ASF/xmega/drivers/usb/usb_device.o
                0x000021e2                udd_get_frame_number
 .text.udd_get_micro_frame_number
                0x000021ec        0x6 src/ASF/xmega/drivers/usb/usb_device.o
                0x000021ec                udd_get_micro_frame_number
 .text.udd_set_setup_payload
                0x000021f2       0x12 src/ASF/xmega/drivers/usb/usb_device.o
                0x000021f2                udd_set_setup_payload
 .text.udd_ep_alloc
                0x00002204       0xc2 src/ASF/xmega/drivers/usb/usb_device.o
                0x00002204                udd_ep_alloc
 .text.udd_ep_is_halted
                0x000022c6       0x36 src/ASF/xmega/drivers/usb/usb_device.o
                0x000022c6                udd_ep_is_halted
 .text.udd_ep_clear_halt
                0x000022fc       0x54 src/ASF/xmega/drivers/usb/usb_device.o
                0x000022fc                udd_ep_clear_halt
 .text.udd_ep_run
                0x00002350      0x110 src/ASF/xmega/drivers/usb/usb_device.o
                0x00002350                udd_ep_run
 .text.udd_ep_abort
                0x00002460       0x72 src/ASF/xmega/drivers/usb/usb_device.o
                0x00002460                udd_ep_abort
 .text.udd_ep_free
                0x000024d2       0x3a src/ASF/xmega/drivers/usb/usb_device.o
                0x000024d2                udd_ep_free
 .text.udd_ep_set_halt
                0x0000250c       0x42 src/ASF/xmega/drivers/usb/usb_device.o
                0x0000250c                udd_ep_set_halt
 .text.__vector_125
                0x0000254e      0x16c src/ASF/xmega/drivers/usb/usb_device.o
                0x0000254e                __vector_125
 .text.__vector_126
                0x000026ba      0x1d4 src/ASF/xmega/drivers/usb/usb_device.o
                0x000026ba                __vector_126
 .text.sysclk_init
                0x0000288e       0xd0 src/ASF/common/services/clock/xmega/sysclk.o
                0x0000288e                sysclk_init
 .text.sysclk_enable_module
                0x0000295e       0x18 src/ASF/common/services/clock/xmega/sysclk.o
                0x0000295e                sysclk_enable_module
 .text.sysclk_enable_usb
                0x00002976       0x6c src/ASF/common/services/clock/xmega/sysclk.o
                0x00002976                sysclk_enable_usb
 .text.nvm_read_byte
                0x000029e2       0x14 src/ASF/xmega/drivers/nvm/nvm_asm.o
                0x000029e2                nvm_read_byte
 .text.ccp_write_io
                0x000029f6        0xc src/ASF/xmega/drivers/cpu/ccp.o
                0x000029f6                ccp_write_io
 .text.pwm_set_frequency
                0x00002a02       0xd8 src/ASF/xmega/services/pwm/pwm.o
                0x00002a02                pwm_set_frequency
 .text.pwm_init
                0x00002ada      0x15c src/ASF/xmega/services/pwm/pwm.o
                0x00002ada                pwm_init
 .text.pwm_start
                0x00002c36       0xa4 src/ASF/xmega/services/pwm/pwm.o
                0x00002c36                pwm_start
 .text.resetGestureParameters
                0x00002cda       0x4a src/OctoPlus/drivers/gesture_ligth_sensor.o
                0x00002cda                resetGestureParameters
 .text.processGestureData
                0x00002d24      0x3a0 src/OctoPlus/drivers/gesture_ligth_sensor.o
                0x00002d24                processGestureData
 .text.decodeGesture
                0x000030c4      0x256 src/OctoPlus/drivers/gesture_ligth_sensor.o
                0x000030c4                decodeGesture
 .text.wireReadDataByte
                0x0000331a       0x58 src/OctoPlus/drivers/gesture_ligth_sensor.o
                0x0000331a                wireReadDataByte
 .text.getMode  0x00003372       0x26 src/OctoPlus/drivers/gesture_ligth_sensor.o
                0x00003372                getMode
 .text.isGestureAvailable
                0x00003398       0x32 src/OctoPlus/drivers/gesture_ligth_sensor.o
                0x00003398                isGestureAvailable
 .text.wireReadDataBlock
                0x000033ca       0x64 src/OctoPlus/drivers/gesture_ligth_sensor.o
                0x000033ca                wireReadDataBlock
 .text.readGesture
                0x0000342e      0x1c4 src/OctoPlus/drivers/gesture_ligth_sensor.o
                0x0000342e                readGesture
 .text.set_pin_as_output
                0x000035f2       0x28 src/OctoPlus/drivers/io_port.o
                0x000035f2                set_pin_as_output
 .text.pin_level
                0x0000361a       0x42 src/OctoPlus/drivers/io_port.o
                0x0000361a                pin_level
 .text.read_pin
                0x0000365c       0x36 src/OctoPlus/drivers/io_port.o
                0x0000365c                read_pin
 .text.select_timer
                0x00003692       0x54 src/OctoPlus/drivers/motors.o
                0x00003692                select_timer
 .text.select_channel
                0x000036e6       0xa4 src/OctoPlus/drivers/motors.o
                0x000036e6                select_channel
 .text.init_M1  0x0000378a       0x40 src/OctoPlus/drivers/motors.o
                0x0000378a                init_M1
 .text.motor1   0x000037ca       0x4c src/OctoPlus/drivers/motors.o
                0x000037ca                motor1
 .text.init_OctoPlus
                0x00003816        0xa src/OctoPlus/drivers/OctoPlus.o
                0x00003816                init_OctoPlus
 .text.leds_init
                0x00003820       0x16 src/OctoPlus/drivers/leds.o
                0x00003820                leds_init
 .text.led1     0x00003836       0x30 src/OctoPlus/drivers/leds.o
                0x00003836                led1
 .text.led2     0x00003866       0x30 src/OctoPlus/drivers/leds.o
                0x00003866                led2
 .text.led3     0x00003896       0x30 src/OctoPlus/drivers/leds.o
                0x00003896                led3
 .text.led4     0x000038c6       0x30 src/OctoPlus/drivers/leds.o
                0x000038c6                led4
 .text.animation
                0x000038f6      0x41e src/OctoPlus/drivers/leds.o
                0x000038f6                animation
 .text.switch_init
                0x00003d14        0xa src/OctoPlus/drivers/switch.o
                0x00003d14                switch_init
 .text.usb_putchar_printf
                0x00003d1e       0x24 src/OctoPlus/drivers/usb_serial.o
                0x00003d1e                usb_putchar_printf
 .text.usb_getchar_scanf
                0x00003d42       0x2a src/OctoPlus/drivers/usb_serial.o
                0x00003d42                usb_getchar_scanf
 .text.usb_init
                0x00003d6c       0x28 src/OctoPlus/drivers/usb_serial.o
                0x00003d6c                usb_init
 .text.print_gesture
                0x00003d94       0x62 src/main.o
                0x00003d94                print_gesture
 .text.__vector_43
                0x00003df6       0x4c src/main.o
                0x00003df6                __vector_43
 .text.__vector_44
                0x00003e42       0x4a src/main.o
                0x00003e42                __vector_44
 .text.pid_control
                0x00003e8c      0x1c4 src/main.o
                0x00003e8c                pid_control
 .text.main     0x00004050      0x1c4 src/main.o
                0x00004050                main
 .text.avr-libc.fplib
                0x00004214        0xa c:/program files (x86)/atmel/atmel toolchain/avr8 gcc/native/3.4.1061/avr8-gnu-toolchain/bin/../lib/gcc/avr/4.8.1/../../../../avr/lib/avrxmega2\libm.a(addsf3.o)
                0x00004214                __subsf3
                0x00004216                __addsf3
 .text.avr-libc.fplib
                0x0000421e       0xc0 c:/program files (x86)/atmel/atmel toolchain/avr8 gcc/native/3.4.1061/avr8-gnu-toolchain/bin/../lib/gcc/avr/4.8.1/../../../../avr/lib/avrxmega2\libm.a(addsf3x.o)
                0x00004238                __addsf3x
 .text.avr-libc.fplib
                0x000042de        0x8 c:/program files (x86)/atmel/atmel toolchain/avr8 gcc/native/3.4.1061/avr8-gnu-toolchain/bin/../lib/gcc/avr/4.8.1/../../../../avr/lib/avrxmega2\libm.a(cmpsf2.o)
                0x000042de                __nesf2
                0x000042de                __eqsf2
                0x000042de                __cmpsf2
                0x000042de                __ltsf2
                0x000042de                __lesf2
 .text.avr-libc.fplib
                0x000042e6        0x4 c:/program files (x86)/atmel/atmel toolchain/avr8 gcc/native/3.4.1061/avr8-gnu-toolchain/bin/../lib/gcc/avr/4.8.1/../../../../avr/lib/avrxmega2\libm.a(divsf3.o)
                0x000042e6                __divsf3
 .text.avr-libc.fplib
                0x000042ea       0xcc c:/program files (x86)/atmel/atmel toolchain/avr8 gcc/native/3.4.1061/avr8-gnu-toolchain/bin/../lib/gcc/avr/4.8.1/../../../../avr/lib/avrxmega2\libm.a(divsf3x.o)
                0x00004300                __divsf3x
                0x00004304                __divsf3_pse
 .text.avr-libc.fplib
                0x000043b6       0x74 c:/program files (x86)/atmel/atmel toolchain/avr8 gcc/native/3.4.1061/avr8-gnu-toolchain/bin/../lib/gcc/avr/4.8.1/../../../../avr/lib/avrxmega2\libm.a(fixsfdi.o)
                0x000043b6                __fixsfdi
                0x000043c0                __fixunssfdi
 .text.avr-libc.fplib
                0x0000442a        0xa c:/program files (x86)/atmel/atmel toolchain/avr8 gcc/native/3.4.1061/avr8-gnu-toolchain/bin/../lib/gcc/avr/4.8.1/../../../../avr/lib/avrxmega2\libm.a(fixsfsi.o)
                0x0000442a                __fixsfsi
 .text.avr-libc.fplib
                0x00004434       0x58 c:/program files (x86)/atmel/atmel toolchain/avr8 gcc/native/3.4.1061/avr8-gnu-toolchain/bin/../lib/gcc/avr/4.8.1/../../../../avr/lib/avrxmega2\libm.a(fixunssfsi.o)
                0x00004434                __fixunssfsi
 .text.avr-libc.fplib
                0x0000448c       0x7a c:/program files (x86)/atmel/atmel toolchain/avr8 gcc/native/3.4.1061/avr8-gnu-toolchain/bin/../lib/gcc/avr/4.8.1/../../../../avr/lib/avrxmega2\libm.a(floatsisf.o)
                0x0000448c                __floatunsisf
                0x00004490                __floatsisf
 .text.avr-libc.fplib
                0x00004506       0x7c c:/program files (x86)/atmel/atmel toolchain/avr8 gcc/native/3.4.1061/avr8-gnu-toolchain/bin/../lib/gcc/avr/4.8.1/../../../../avr/lib/avrxmega2\libm.a(floatundisf.o)
                0x00004506                __floatundisf
                0x00004508                __fp_di2sf
 .text.avr-libc.fplib
                0x00004582       0x48 c:/program files (x86)/atmel/atmel toolchain/avr8 gcc/native/3.4.1061/avr8-gnu-toolchain/bin/../lib/gcc/avr/4.8.1/../../../../avr/lib/avrxmega2\libm.a(fp_cmp.o)
                0x00004582                __fp_cmp
 .text.avr-libc.fplib
                0x000045ca        0xc c:/program files (x86)/atmel/atmel toolchain/avr8 gcc/native/3.4.1061/avr8-gnu-toolchain/bin/../lib/gcc/avr/4.8.1/../../../../avr/lib/avrxmega2\libm.a(fp_inf.o)
                0x000045ca                __fp_inf
 .text.avr-libc.fplib
                0x000045d6        0x6 c:/program files (x86)/atmel/atmel toolchain/avr8 gcc/native/3.4.1061/avr8-gnu-toolchain/bin/../lib/gcc/avr/4.8.1/../../../../avr/lib/avrxmega2\libm.a(fp_nan.o)
                0x000045d6                __fp_nan
 .text.avr-libc.fplib
                0x000045dc       0x20 c:/program files (x86)/atmel/atmel toolchain/avr8 gcc/native/3.4.1061/avr8-gnu-toolchain/bin/../lib/gcc/avr/4.8.1/../../../../avr/lib/avrxmega2\libm.a(fp_negdi.o)
                0x000045dc                __fp_negdi
 .text.avr-libc.fplib
                0x000045fc        0xe c:/program files (x86)/atmel/atmel toolchain/avr8 gcc/native/3.4.1061/avr8-gnu-toolchain/bin/../lib/gcc/avr/4.8.1/../../../../avr/lib/avrxmega2\libm.a(fp_pscA.o)
                0x000045fc                __fp_pscA
 .text.avr-libc.fplib
                0x0000460a        0xe c:/program files (x86)/atmel/atmel toolchain/avr8 gcc/native/3.4.1061/avr8-gnu-toolchain/bin/../lib/gcc/avr/4.8.1/../../../../avr/lib/avrxmega2\libm.a(fp_pscB.o)
                0x0000460a                __fp_pscB
 .text.avr-libc.fplib
                0x00004618       0x22 c:/program files (x86)/atmel/atmel toolchain/avr8 gcc/native/3.4.1061/avr8-gnu-toolchain/bin/../lib/gcc/avr/4.8.1/../../../../avr/lib/avrxmega2\libm.a(fp_round.o)
                0x00004618                __fp_round
 .text.avr-libc.fplib
                0x0000463a       0x44 c:/program files (x86)/atmel/atmel toolchain/avr8 gcc/native/3.4.1061/avr8-gnu-toolchain/bin/../lib/gcc/avr/4.8.1/../../../../avr/lib/avrxmega2\libm.a(fp_split3.o)
                0x0000463a                __fp_split3
                0x0000464a                __fp_splitA
 .text.avr-libc.fplib
                0x0000467e        0xe c:/program files (x86)/atmel/atmel toolchain/avr8 gcc/native/3.4.1061/avr8-gnu-toolchain/bin/../lib/gcc/avr/4.8.1/../../../../avr/lib/avrxmega2\libm.a(fp_zero.o)
                0x0000467e                __fp_zero
                0x00004680                __fp_szero
 .text.avr-libc.fplib
                0x0000468c        0x8 c:/program files (x86)/atmel/atmel toolchain/avr8 gcc/native/3.4.1061/avr8-gnu-toolchain/bin/../lib/gcc/avr/4.8.1/../../../../avr/lib/avrxmega2\libm.a(gesf2.o)
                0x0000468c                __gesf2
                0x0000468c                __gtsf2
 .text.avr-libc.fplib
                0x00004694        0x4 c:/program files (x86)/atmel/atmel toolchain/avr8 gcc/native/3.4.1061/avr8-gnu-toolchain/bin/../lib/gcc/avr/4.8.1/../../../../avr/lib/avrxmega2\libm.a(mulsf3.o)
                0x00004694                __mulsf3
 .text.avr-libc.fplib
                0x00004698       0xc2 c:/program files (x86)/atmel/atmel toolchain/avr8 gcc/native/3.4.1061/avr8-gnu-toolchain/bin/../lib/gcc/avr/4.8.1/../../../../avr/lib/avrxmega2\libm.a(mulsf3x.o)
                0x000046ac                __mulsf3x
                0x000046b0                __mulsf3_pse
 .text.libgcc.div
                0x0000475a       0x28 c:/program files (x86)/atmel/atmel toolchain/avr8 gcc/native/3.4.1061/avr8-gnu-toolchain/bin/../lib/gcc/avr/4.8.1/avrxmega2\libgcc.a(_udivmodhi4.o)
                0x0000475a                __udivmodhi4
 .text.libgcc.div
                0x00004782       0x26 c:/program files (x86)/atmel/atmel toolchain/avr8 gcc/native/3.4.1061/avr8-gnu-toolchain/bin/../lib/gcc/avr/4.8.1/avrxmega2\libgcc.a(_divmodhi4.o)
                0x00004782                _div
                0x00004782                __divmodhi4
 .text.libgcc.div
                0x000047a8       0x44 c:/program files (x86)/atmel/atmel toolchain/avr8 gcc/native/3.4.1061/avr8-gnu-toolchain/bin/../lib/gcc/avr/4.8.1/avrxmega2\libgcc.a(_udivmodsi4.o)
                0x000047a8                __udivmodsi4
 .text.libgcc.div
                0x000047ec       0x28 c:/program files (x86)/atmel/atmel toolchain/avr8 gcc/native/3.4.1061/avr8-gnu-toolchain/bin/../lib/gcc/avr/4.8.1/avrxmega2\libgcc.a(_divmodsi4.o)
                0x000047ec                __divmodsi4
 .text.libgcc.div
                0x00004814       0x10 c:/program files (x86)/atmel/atmel toolchain/avr8 gcc/native/3.4.1061/avr8-gnu-toolchain/bin/../lib/gcc/avr/4.8.1/avrxmega2\libgcc.a(_negsi2.o)
                0x00004814                __negsi2
 .text.libgcc   0x00004824        0xc c:/program files (x86)/atmel/atmel toolchain/avr8 gcc/native/3.4.1061/avr8-gnu-toolchain/bin/../lib/gcc/avr/4.8.1/avrxmega2\libgcc.a(_tablejump.o)
                0x00004824                __tablejump2__
                0x00004828                __tablejump__
 .text.libgcc.mul
                0x00004830       0x1e c:/program files (x86)/atmel/atmel toolchain/avr8 gcc/native/3.4.1061/avr8-gnu-toolchain/bin/../lib/gcc/avr/4.8.1/avrxmega2\libgcc.a(_umulhisi3.o)
                0x00004830                __umulhisi3
 .text.libgcc.mul
                0x0000484e       0x92 c:/program files (x86)/atmel/atmel toolchain/avr8 gcc/native/3.4.1061/avr8-gnu-toolchain/bin/../lib/gcc/avr/4.8.1/avrxmega2\libgcc.a(_muldi3.o)
                0x0000484e                __muldi3
 .text.libgcc.mul
                0x000048e0       0x10 c:/program files (x86)/atmel/atmel toolchain/avr8 gcc/native/3.4.1061/avr8-gnu-toolchain/bin/../lib/gcc/avr/4.8.1/avrxmega2\libgcc.a(_muldi3_6.o)
                0x000048e0                __muldi3_6
 .text.avr-libc
                0x000048f0       0x12 c:/program files (x86)/atmel/atmel toolchain/avr8 gcc/native/3.4.1061/avr8-gnu-toolchain/bin/../lib/gcc/avr/4.8.1/../../../../avr/lib/avrxmega2\libc.a(memcpy.o)
                0x000048f0                memcpy
 .text.avr-libc
                0x00004902       0x22 c:/program files (x86)/atmel/atmel toolchain/avr8 gcc/native/3.4.1061/avr8-gnu-toolchain/bin/../lib/gcc/avr/4.8.1/../../../../avr/lib/avrxmega2\libc.a(printf.o)
                0x00004902                printf
 .text.avr-libc
                0x00004924       0x5a c:/program files (x86)/atmel/atmel toolchain/avr8 gcc/native/3.4.1061/avr8-gnu-toolchain/bin/../lib/gcc/avr/4.8.1/../../../../avr/lib/avrxmega2\libc.a(puts.o)
                0x00004924                puts
 .text.avr-libc
                0x0000497e      0x386 c:/program files (x86)/atmel/atmel toolchain/avr8 gcc/native/3.4.1061/avr8-gnu-toolchain/bin/../lib/gcc/avr/4.8.1/../../../../avr/lib/avrxmega2\libc.a(vfprintf_std.o)
                0x0000497e                vfprintf
 .text.avr-libc
                0x00004d04       0x16 c:/program files (x86)/atmel/atmel toolchain/avr8 gcc/native/3.4.1061/avr8-gnu-toolchain/bin/../lib/gcc/avr/4.8.1/../../../../avr/lib/avrxmega2\libc.a(strnlen_P.o)
                0x00004d04                strnlen_P
 .text.avr-libc
                0x00004d1a       0x16 c:/program files (x86)/atmel/atmel toolchain/avr8 gcc/native/3.4.1061/avr8-gnu-toolchain/bin/../lib/gcc/avr/4.8.1/../../../../avr/lib/avrxmega2\libc.a(strnlen.o)
                0x00004d1a                strnlen
 .text.avr-libc
                0x00004d30       0x64 c:/program files (x86)/atmel/atmel toolchain/avr8 gcc/native/3.4.1061/avr8-gnu-toolchain/bin/../lib/gcc/avr/4.8.1/../../../../avr/lib/avrxmega2\libc.a(fputc.o)
                0x00004d30                fputc
 .text.avr-libc
                0x00004d94       0xbc c:/program files (x86)/atmel/atmel toolchain/avr8 gcc/native/3.4.1061/avr8-gnu-toolchain/bin/../lib/gcc/avr/4.8.1/../../../../avr/lib/avrxmega2\libc.a(ultoa_invert.o)
                0x00004d94                __ultoa_invert
 .text.libgcc.prologue
                0x00004e50       0x32 c:/program files (x86)/atmel/atmel toolchain/avr8 gcc/native/3.4.1061/avr8-gnu-toolchain/bin/../lib/gcc/avr/4.8.1/avrxmega2\libgcc.a(_prologue.o)
                0x00004e50                __prologue_saves__
 .text.libgcc.prologue
                0x00004e82       0x30 c:/program files (x86)/atmel/atmel toolchain/avr8 gcc/native/3.4.1061/avr8-gnu-toolchain/bin/../lib/gcc/avr/4.8.1/avrxmega2\libgcc.a(_epilogue.o)
                0x00004e82                __epilogue_restores__
                0x00004eb2                . = ALIGN (0x2)
 *(.fini9)
 .fini9         0x00004eb2        0x0 c:/program files (x86)/atmel/atmel toolchain/avr8 gcc/native/3.4.1061/avr8-gnu-toolchain/bin/../lib/gcc/avr/4.8.1/avrxmega2\libgcc.a(_exit.o)
                0x00004eb2                _exit
                0x00004eb2                exit
 *(.fini9)
 *(.fini8)
 *(.fini8)
 *(.fini7)
 *(.fini7)
 *(.fini6)
 *(.fini6)
 *(.fini5)
 *(.fini5)
 *(.fini4)
 *(.fini4)
 *(.fini3)
 *(.fini3)
 *(.fini2)
 *(.fini2)
 *(.fini1)
 *(.fini1)
 *(.fini0)
 .fini0         0x00004eb2        0x4 c:/program files (x86)/atmel/atmel toolchain/avr8 gcc/native/3.4.1061/avr8-gnu-toolchain/bin/../lib/gcc/avr/4.8.1/avrxmega2\libgcc.a(_exit.o)
 *(.fini0)
                0x00004eb6                _etext = .

.data           0x00802000      0x152 load address 0x00004eb6
                0x00802000                PROVIDE (__data_start, .)
 *(.data)
 *(.data*)
 .data.udi_api_cdc_data
                0x00802000        0xa src/ASF/common/services/usb/class/cdc/device/udi_cdc.o
                0x00802000                udi_api_cdc_data
 .data.udi_api_cdc_comm
                0x0080200a        0xa src/ASF/common/services/usb/class/cdc/device/udi_cdc.o
                0x0080200a                udi_api_cdc_comm
 .data.udc_string_desc_languageid
                0x00802014        0x4 src/ASF/common/services/usb/udc/udc.o
 .data.udc_config
                0x00802018        0x6 src/ASF/common/services/usb/class/cdc/device/udi_cdc_desc.o
                0x00802018                udc_config
 .data.udc_config_fs
                0x0080201e        0x4 src/ASF/common/services/usb/class/cdc/device/udi_cdc_desc.o
                0x0080201e                udc_config_fs
 .data.udi_apis
                0x00802022        0x4 src/ASF/common/services/usb/class/cdc/device/udi_cdc_desc.o
                0x00802022                udi_apis
 .data.udc_desc_fs
                0x00802026       0x44 src/ASF/common/services/usb/class/cdc/device/udi_cdc_desc.o
                0x00802026                udc_desc_fs
 .data.udc_device_desc
                0x0080206a       0x12 src/ASF/common/services/usb/class/cdc/device/udi_cdc_desc.o
                0x0080206a                udc_device_desc
 .data.mystdout
                0x0080207c        0xe src/OctoPlus/drivers/usb_serial.o
 *(.rodata)
 *(.rodata*)
 .rodata.str1.1
                0x0080208a       0xc8 src/main.o
 *(.gnu.linkonce.d*)
                0x00802152                . = ALIGN (0x2)
                0x00802152                _edata = .
                0x00802152                PROVIDE (__data_end, .)

.bss            0x00802152      0xced
                0x00802152                PROVIDE (__bss_start, .)
 *(.bss)
 *(.bss*)
 .bss.sof_zlp_counter.4824
                0x00802152        0x2 src/ASF/common/services/usb/class/cdc/device/udi_cdc.o
 .bss.udi_cdc_tx_both_buf_to_send
                0x00802154        0x1 src/ASF/common/services/usb/class/cdc/device/udi_cdc.o
 .bss.udi_cdc_tx_trans_ongoing
                0x00802155        0x1 src/ASF/common/services/usb/class/cdc/device/udi_cdc.o
 .bss.udi_cdc_tx_sof_num
                0x00802156        0x2 src/ASF/common/services/usb/class/cdc/device/udi_cdc.o
 .bss.udi_cdc_tx_buf_sel
                0x00802158        0x1 src/ASF/common/services/usb/class/cdc/device/udi_cdc.o
 .bss.udi_cdc_tx_buf_nb
                0x00802159        0x4 src/ASF/common/services/usb/class/cdc/device/udi_cdc.o
 *fill*         0x0080215d        0x1 
 .bss.udi_cdc_tx_buf
                0x0080215e       0x80 src/ASF/common/services/usb/class/cdc/device/udi_cdc.o
 .bss.udi_cdc_rx_trans_ongoing
                0x008021de        0x1 src/ASF/common/services/usb/class/cdc/device/udi_cdc.o
 .bss.udi_cdc_rx_pos
                0x008021df        0x2 src/ASF/common/services/usb/class/cdc/device/udi_cdc.o
 .bss.udi_cdc_rx_buf_sel
                0x008021e1        0x1 src/ASF/common/services/usb/class/cdc/device/udi_cdc.o
 .bss.udi_cdc_rx_buf_nb
                0x008021e2        0x4 src/ASF/common/services/usb/class/cdc/device/udi_cdc.o
 .bss.udi_cdc_rx_buf
                0x008021e6       0x80 src/ASF/common/services/usb/class/cdc/device/udi_cdc.o
 .bss.udi_cdc_data_running
                0x00802266        0x1 src/ASF/common/services/usb/class/cdc/device/udi_cdc.o
 .bss.udi_cdc_nb_data_enabled
                0x00802267        0x1 src/ASF/common/services/usb/class/cdc/device/udi_cdc.o
 .bss.udi_cdc_nb_comm_enabled
                0x00802268        0x1 src/ASF/common/services/usb/class/cdc/device/udi_cdc.o
 *fill*         0x00802269        0x1 
 .bss.uid_cdc_state_msg
                0x0080226a        0xa src/ASF/common/services/usb/class/cdc/device/udi_cdc.o
 .bss.udi_cdc_state
                0x00802274        0x2 src/ASF/common/services/usb/class/cdc/device/udi_cdc.o
 .bss.udi_cdc_line_coding
                0x00802276        0x7 src/ASF/common/services/usb/class/cdc/device/udi_cdc.o
 .bss.udc_ep_status.4528
                0x0080227d        0x2 src/ASF/common/services/usb/udc/udc.o
 .bss.udc_iface_setting.4585
                0x0080227f        0x1 src/ASF/common/services/usb/udc/udc.o
 .bss.udc_ptr_iface
                0x00802280        0x2 src/ASF/common/services/usb/udc/udc.o
 .bss.udc_ptr_conf
                0x00802282        0x2 src/ASF/common/services/usb/udc/udc.o
 .bss.udc_num_configuration
                0x00802284        0x1 src/ASF/common/services/usb/udc/udc.o
 .bss.udc_device_status
                0x00802285        0x2 src/ASF/common/services/usb/udc/udc.o
 .bss.tc_tce0_ccd_callback
                0x00802287        0x2 src/ASF/xmega/drivers/tc/tc.o
 .bss.tc_tce0_ccc_callback
                0x00802289        0x2 src/ASF/xmega/drivers/tc/tc.o
 .bss.tc_tce0_ccb_callback
                0x0080228b        0x2 src/ASF/xmega/drivers/tc/tc.o
 .bss.tc_tce0_cca_callback
                0x0080228d        0x2 src/ASF/xmega/drivers/tc/tc.o
 .bss.tc_tce0_err_callback
                0x0080228f        0x2 src/ASF/xmega/drivers/tc/tc.o
 .bss.tc_tce0_ovf_callback
                0x00802291        0x2 src/ASF/xmega/drivers/tc/tc.o
 .bss.tc_tcd1_ccb_callback
                0x00802293        0x2 src/ASF/xmega/drivers/tc/tc.o
 .bss.tc_tcd1_cca_callback
                0x00802295        0x2 src/ASF/xmega/drivers/tc/tc.o
 .bss.tc_tcd1_err_callback
                0x00802297        0x2 src/ASF/xmega/drivers/tc/tc.o
 .bss.tc_tcd1_ovf_callback
                0x00802299        0x2 src/ASF/xmega/drivers/tc/tc.o
 .bss.tc_tcd0_ccd_callback
                0x0080229b        0x2 src/ASF/xmega/drivers/tc/tc.o
 .bss.tc_tcd0_ccc_callback
                0x0080229d        0x2 src/ASF/xmega/drivers/tc/tc.o
 .bss.tc_tcd0_ccb_callback
                0x0080229f        0x2 src/ASF/xmega/drivers/tc/tc.o
 .bss.tc_tcd0_cca_callback
                0x008022a1        0x2 src/ASF/xmega/drivers/tc/tc.o
 .bss.tc_tcd0_err_callback
                0x008022a3        0x2 src/ASF/xmega/drivers/tc/tc.o
 .bss.tc_tcd0_ovf_callback
                0x008022a5        0x2 src/ASF/xmega/drivers/tc/tc.o
 .bss.tc_tcc1_ccb_callback
                0x008022a7        0x2 src/ASF/xmega/drivers/tc/tc.o
 .bss.tc_tcc1_cca_callback
                0x008022a9        0x2 src/ASF/xmega/drivers/tc/tc.o
 .bss.tc_tcc1_err_callback
                0x008022ab        0x2 src/ASF/xmega/drivers/tc/tc.o
 .bss.tc_tcc1_ovf_callback
                0x008022ad        0x2 src/ASF/xmega/drivers/tc/tc.o
 .bss.tc_tcc0_ccd_callback
                0x008022af        0x2 src/ASF/xmega/drivers/tc/tc.o
 .bss.tc_tcc0_ccc_callback
                0x008022b1        0x2 src/ASF/xmega/drivers/tc/tc.o
 .bss.tc_tcc0_ccb_callback
                0x008022b3        0x2 src/ASF/xmega/drivers/tc/tc.o
 .bss.tc_tcc0_cca_callback
                0x008022b5        0x2 src/ASF/xmega/drivers/tc/tc.o
 .bss.tc_tcc0_err_callback
                0x008022b7        0x2 src/ASF/xmega/drivers/tc/tc.o
 .bss.tc_tcc0_ovf_callback
                0x008022b9        0x2 src/ASF/xmega/drivers/tc/tc.o
 .bss.transfer  0x008022bb        0xb src/ASF/xmega/drivers/twi/twim.o
 .bss.b_shortpacket.5233
                0x008022c6        0x1 src/ASF/xmega/drivers/usb/usb_device.o
 .bss.udd_ep_out_cache_buffer
                0x008022c7       0x80 src/ASF/xmega/drivers/usb/usb_device.o
 .bss.udd_ep_job
                0x00802347       0x24 src/ASF/xmega/drivers/usb/usb_device.o
 .bss.udd_ctrl_buffer
                0x0080236b       0x40 src/ASF/xmega/drivers/usb/usb_device.o
 .bss.udd_ctrl_payload_nb_trans
                0x008023ab        0x2 src/ASF/xmega/drivers/usb/usb_device.o
 .bss.udd_ctrl_prev_payload_nb_trans
                0x008023ad        0x2 src/ASF/xmega/drivers/usb/usb_device.o
 .bss.udd_ep_control_state
                0x008023af        0x1 src/ASF/xmega/drivers/usb/usb_device.o
 .bss.udd_sram  0x008023b0       0x40 src/ASF/xmega/drivers/usb/usb_device.o
 .bss.udd_b_idle
                0x008023f0        0x1 src/ASF/xmega/drivers/usb/usb_device.o
 .bss.u_motor.6335
                0x008023f1        0x2 src/main.o
 .bss.e_i.6333  0x008023f3        0x4 src/main.o
 .bss.u.6334    0x008023f7        0x4 src/main.o
 .bss.e_past.6330
                0x008023fb        0x4 src/main.o
 .bss.u_past.6331
                0x008023ff        0x4 src/main.o
 .bss.e.6332    0x00802403        0x4 src/main.o
 .bss.i         0x00802407        0x2 src/main.o
                0x00802407                i
 *(COMMON)
 COMMON         0x00802409       0x10 src/ASF/xmega/drivers/usb/usb_device.o
                0x00802409                udd_g_ctrlreq
 COMMON         0x00802419        0x6 src/ASF/common/services/sleepmgr/xmega/sleepmgr.o
                0x00802419                sleepmgr_locks
 COMMON         0x0080241f       0xba src/OctoPlus/drivers/gesture_ligth_sensor.o
                0x0080241f                M3_B
                0x00802420                gesture_ud_count_
                0x00802422                M1_B
                0x00802423                M4_A
                0x00802424                M4_pwm
                0x0080242b                M2_A
                0x0080242c                gesture_lr_count_
                0x0080242e                gesture_state_
                0x00802430                M1_A
                0x00802431                SENS2
                0x00802432                gesture_far_count_
                0x00802434                M2_B
                0x00802435                M1_pwm
                0x0080243c                gesture_lr_delta_
                0x0080243e                M2_pwm
                0x00802445                gesture_ud_delta_
                0x00802447                gesture_motion_
                0x00802449                M3_A
                0x0080244a                SENS1
                0x0080244b                gesture_data_
                0x008024cf                gesture_near_count_
                0x008024d1                M3_pwm
                0x008024d8                M4_B
 COMMON         0x008024d9      0x960 src/main.o
                0x008024d9                sens_data
                0x00802989                delta_time
                0x00802be1                pwm_in
 COMMON         0x00802e39        0x6 c:/program files (x86)/atmel/atmel toolchain/avr8 gcc/native/3.4.1061/avr8-gnu-toolchain/bin/../lib/gcc/avr/4.8.1/../../../../avr/lib/avrxmega2\libc.a(iob.o)
                0x00802e39                __iob
                0x00802e3f                PROVIDE (__bss_end, .)
                0x00004eb6                __data_load_start = LOADADDR (.data)
                0x00005008                __data_load_end = (__data_load_start + SIZEOF (.data))

.noinit         0x00802e3f        0x0
                0x00802e3f                PROVIDE (__noinit_start, .)
 *(.noinit*)
                0x00802e3f                PROVIDE (__noinit_end, .)
                0x00802e3f                _end = .
                0x00802e3f                PROVIDE (__heap_start, .)

.eeprom         0x00810000        0x0
 *(.eeprom*)
                0x00810000                __eeprom_end = .

.fuse
 *(.fuse)
 *(.lfuse)
 *(.hfuse)
 *(.efuse)

.lock
 *(.lock*)

.signature
 *(.signature*)

.user_signatures
 *(.user_signatures*)

.stab
 *(.stab)

.stabstr
 *(.stabstr)

.stab.excl
 *(.stab.excl)

.stab.exclstr
 *(.stab.exclstr)

.stab.index
 *(.stab.index)

.stab.indexstr
 *(.stab.indexstr)

.comment        0x00000000       0x5c
 *(.comment)
 .comment       0x00000000       0x30 src/ASF/common/services/usb/class/cdc/device/udi_cdc.o
                                 0x31 (size before relaxing)
 .comment       0x00000000       0x31 src/ASF/common/services/usb/udc/udc.o
 .comment       0x00000000       0x31 src/ASF/xmega/drivers/tc/tc.o
 .comment       0x00000000       0x31 src/ASF/xmega/drivers/twi/twim.o
 .comment       0x00000000       0x31 src/ASF/xmega/drivers/usb/usb_device.o
 .comment       0x00000000       0x31 src/ASF/common/services/usb/class/cdc/device/udi_cdc_desc.o
 .comment       0x00000000       0x31 src/ASF/common/services/sleepmgr/xmega/sleepmgr.o
 .comment       0x00000000       0x31 src/ASF/common/services/clock/xmega/sysclk.o
 .comment       0x00000000       0x31 src/ASF/xmega/services/pwm/pwm.o
 .comment       0x00000000       0x31 src/OctoPlus/drivers/gesture_ligth_sensor.o
 .comment       0x00000000       0x31 src/OctoPlus/drivers/io_port.o
 .comment       0x00000000       0x31 src/OctoPlus/drivers/motors.o
 .comment       0x00000000       0x31 src/OctoPlus/drivers/OctoPlus.o
 .comment       0x00000000       0x31 src/OctoPlus/drivers/leds.o
 .comment       0x00000000       0x31 src/OctoPlus/drivers/switch.o
 .comment       0x00000000       0x31 src/OctoPlus/drivers/usb_serial.o
 .comment       0x00000000       0x31 src/main.o
 .comment       0x00000000       0x31 c:/program files (x86)/atmel/atmel toolchain/avr8 gcc/native/3.4.1061/avr8-gnu-toolchain/bin/../lib/gcc/avr/4.8.1/../../../../avr/lib/avrxmega2\libc.a(iob.o)
 .comment       0x00000000       0x31 c:/program files (x86)/atmel/atmel toolchain/avr8 gcc/native/3.4.1061/avr8-gnu-toolchain/bin/../lib/gcc/avr/4.8.1/../../../../avr/lib/avrxmega2\libc.a(printf.o)
 .comment       0x00000000       0x31 c:/program files (x86)/atmel/atmel toolchain/avr8 gcc/native/3.4.1061/avr8-gnu-toolchain/bin/../lib/gcc/avr/4.8.1/../../../../avr/lib/avrxmega2\libc.a(puts.o)
 .comment       0x00000030       0x2c c:/program files (x86)/atmel/atmel toolchain/avr8 gcc/native/3.4.1061/avr8-gnu-toolchain/bin/../lib/gcc/avr/4.8.1/../../../../avr/lib/avrxmega2\libc.a(vfprintf_std.o)
                                 0x2d (size before relaxing)
 .comment       0x00000000       0x31 c:/program files (x86)/atmel/atmel toolchain/avr8 gcc/native/3.4.1061/avr8-gnu-toolchain/bin/../lib/gcc/avr/4.8.1/../../../../avr/lib/avrxmega2\libc.a(fputc.o)

.note.gnu.build-id
 *(.note.gnu.build-id)

.debug
 *(.debug)

.line
 *(.line)

.debug_srcinfo
 *(.debug_srcinfo)

.debug_sfnames
 *(.debug_sfnames)

.debug_aranges  0x00000000      0x9b0
 *(.debug_aranges)
 .debug_aranges
                0x00000000      0x168 src/ASF/common/services/usb/class/cdc/device/udi_cdc.o
 .debug_aranges
                0x00000168       0x70 src/ASF/common/services/usb/udc/udc.o
 .debug_aranges
                0x000001d8      0x128 src/ASF/xmega/drivers/tc/tc.o
 .debug_aranges
                0x00000300       0x40 src/ASF/xmega/drivers/twi/twim.o
 .debug_aranges
                0x00000340      0x120 src/ASF/xmega/drivers/usb/usb_device.o
 .debug_aranges
                0x00000460       0x18 src/ASF/common/services/usb/class/cdc/device/udi_cdc_desc.o
 .debug_aranges
                0x00000478       0x18 src/ASF/common/services/sleepmgr/xmega/sleepmgr.o
 .debug_aranges
                0x00000490       0x40 src/ASF/common/services/clock/xmega/sysclk.o
 .debug_aranges
                0x000004d0       0x28 src/ASF/xmega/drivers/nvm/nvm_asm.o
 .debug_aranges
                0x000004f8       0x20 src/ASF/xmega/drivers/cpu/ccp.o
 .debug_aranges
                0x00000518       0x30 src/ASF/xmega/services/pwm/pwm.o
 .debug_aranges
                0x00000548      0x238 src/OctoPlus/drivers/gesture_ligth_sensor.o
 .debug_aranges
                0x00000780       0x60 src/OctoPlus/drivers/io_port.o
 .debug_aranges
                0x000007e0       0x68 src/OctoPlus/drivers/motors.o
 .debug_aranges
                0x00000848       0x20 src/OctoPlus/drivers/OctoPlus.o
 .debug_aranges
                0x00000868       0x50 src/OctoPlus/drivers/leds.o
 .debug_aranges
                0x000008b8       0x28 src/OctoPlus/drivers/switch.o
 .debug_aranges
                0x000008e0       0x60 src/OctoPlus/drivers/usb_serial.o
 .debug_aranges
                0x00000940       0x70 src/main.o

.debug_pubnames
 *(.debug_pubnames)

.debug_info     0x00000000    0x13b38
 *(.debug_info .gnu.linkonce.wi.*)
 .debug_info    0x00000000     0x17d9 src/ASF/common/services/usb/class/cdc/device/udi_cdc.o
 .debug_info    0x000017d9     0x10f3 src/ASF/common/services/usb/udc/udc.o
 .debug_info    0x000028cc     0x16e9 src/ASF/xmega/drivers/tc/tc.o
 .debug_info    0x00003fb5      0x901 src/ASF/xmega/drivers/twi/twim.o
 .debug_info    0x000048b6     0x1e1c src/ASF/xmega/drivers/usb/usb_device.o
 .debug_info    0x000066d2      0x7bd src/ASF/common/services/usb/class/cdc/device/udi_cdc_desc.o
 .debug_info    0x00006e8f      0x121 src/ASF/common/services/sleepmgr/xmega/sleepmgr.o
 .debug_info    0x00006fb0      0xbe0 src/ASF/common/services/clock/xmega/sysclk.o
 .debug_info    0x00007b90       0x90 src/ASF/xmega/drivers/nvm/nvm_asm.o
 .debug_info    0x00007c20       0x90 src/ASF/xmega/drivers/cpu/ccp.o
 .debug_info    0x00007cb0     0x135f src/ASF/xmega/services/pwm/pwm.o
 .debug_info    0x0000900f     0x4188 src/OctoPlus/drivers/gesture_ligth_sensor.o
 .debug_info    0x0000d197     0x12ce src/OctoPlus/drivers/io_port.o
 .debug_info    0x0000e465      0xd8b src/OctoPlus/drivers/motors.o
 .debug_info    0x0000f1f0      0x649 src/OctoPlus/drivers/OctoPlus.o
 .debug_info    0x0000f839     0x1229 src/OctoPlus/drivers/leds.o
 .debug_info    0x00010a62      0x976 src/OctoPlus/drivers/switch.o
 .debug_info    0x000113d8      0xc02 src/OctoPlus/drivers/usb_serial.o
 .debug_info    0x00011fda     0x1b5e src/main.o

.debug_abbrev   0x00000000     0x3093
 *(.debug_abbrev)
 .debug_abbrev  0x00000000      0x39f src/ASF/common/services/usb/class/cdc/device/udi_cdc.o
 .debug_abbrev  0x0000039f      0x3af src/ASF/common/services/usb/udc/udc.o
 .debug_abbrev  0x0000074e      0x2a7 src/ASF/xmega/drivers/tc/tc.o
 .debug_abbrev  0x000009f5      0x2a1 src/ASF/xmega/drivers/twi/twim.o
 .debug_abbrev  0x00000c96      0x5b2 src/ASF/xmega/drivers/usb/usb_device.o
 .debug_abbrev  0x00001248       0xfe src/ASF/common/services/usb/class/cdc/device/udi_cdc_desc.o
 .debug_abbrev  0x00001346       0x80 src/ASF/common/services/sleepmgr/xmega/sleepmgr.o
 .debug_abbrev  0x000013c6      0x2cf src/ASF/common/services/clock/xmega/sysclk.o
 .debug_abbrev  0x00001695       0x12 src/ASF/xmega/drivers/nvm/nvm_asm.o
 .debug_abbrev  0x000016a7       0x14 src/ASF/xmega/drivers/cpu/ccp.o
 .debug_abbrev  0x000016bb      0x28c src/ASF/xmega/services/pwm/pwm.o
 .debug_abbrev  0x00001947      0x410 src/OctoPlus/drivers/gesture_ligth_sensor.o
 .debug_abbrev  0x00001d57      0x2bc src/OctoPlus/drivers/io_port.o
 .debug_abbrev  0x00002013      0x1d5 src/OctoPlus/drivers/motors.o
 .debug_abbrev  0x000021e8      0x184 src/OctoPlus/drivers/OctoPlus.o
 .debug_abbrev  0x0000236c      0x2ed src/OctoPlus/drivers/leds.o
 .debug_abbrev  0x00002659      0x229 src/OctoPlus/drivers/switch.o
 .debug_abbrev  0x00002882      0x31e src/OctoPlus/drivers/usb_serial.o
 .debug_abbrev  0x00002ba0      0x4f3 src/main.o

.debug_line     0x00000000     0xe257
 *(.debug_line .debug_line.* .debug_line_end)
 .debug_line    0x00000000      0xe43 src/ASF/common/services/usb/class/cdc/device/udi_cdc.o
 .debug_line    0x00000e43      0xa67 src/ASF/common/services/usb/udc/udc.o
 .debug_line    0x000018aa      0xc5d src/ASF/xmega/drivers/tc/tc.o
 .debug_line    0x00002507      0x605 src/ASF/xmega/drivers/twi/twim.o
 .debug_line    0x00002b0c     0x1494 src/ASF/xmega/drivers/usb/usb_device.o
 .debug_line    0x00003fa0      0x4a1 src/ASF/common/services/usb/class/cdc/device/udi_cdc_desc.o
 .debug_line    0x00004441      0x430 src/ASF/common/services/sleepmgr/xmega/sleepmgr.o
 .debug_line    0x00004871      0x70a src/ASF/common/services/clock/xmega/sysclk.o
 .debug_line    0x00004f7b      0x11f src/ASF/xmega/drivers/nvm/nvm_asm.o
 .debug_line    0x0000509a       0x6e src/ASF/xmega/drivers/cpu/ccp.o
 .debug_line    0x00005108      0xb2a src/ASF/xmega/services/pwm/pwm.o
 .debug_line    0x00005c32     0x1f75 src/OctoPlus/drivers/gesture_ligth_sensor.o
 .debug_line    0x00007ba7      0xede src/OctoPlus/drivers/io_port.o
 .debug_line    0x00008a85      0xf4b src/OctoPlus/drivers/motors.o
 .debug_line    0x000099d0      0xd80 src/OctoPlus/drivers/OctoPlus.o
 .debug_line    0x0000a750      0xed9 src/OctoPlus/drivers/leds.o
 .debug_line    0x0000b629      0xd17 src/OctoPlus/drivers/switch.o
 .debug_line    0x0000c340      0xea6 src/OctoPlus/drivers/usb_serial.o
 .debug_line    0x0000d1e6     0x1071 src/main.o

.debug_frame    0x00000000     0x2268
 *(.debug_frame)
 .debug_frame   0x00000000      0x380 src/ASF/common/services/usb/class/cdc/device/udi_cdc.o
 .debug_frame   0x00000380      0x120 src/ASF/common/services/usb/udc/udc.o
 .debug_frame   0x000004a0      0x994 src/ASF/xmega/drivers/tc/tc.o
 .debug_frame   0x00000e34      0x100 src/ASF/xmega/drivers/twi/twim.o
 .debug_frame   0x00000f34      0x3d0 src/ASF/xmega/drivers/usb/usb_device.o
 .debug_frame   0x00001304       0x74 src/ASF/common/services/clock/xmega/sysclk.o
 .debug_frame   0x00001378       0x84 src/ASF/xmega/services/pwm/pwm.o
 .debug_frame   0x000013fc      0x8c4 src/OctoPlus/drivers/gesture_ligth_sensor.o
 .debug_frame   0x00001cc0       0xa4 src/OctoPlus/drivers/io_port.o
 .debug_frame   0x00001d64      0x124 src/OctoPlus/drivers/motors.o
 .debug_frame   0x00001e88       0x24 src/OctoPlus/drivers/OctoPlus.o
 .debug_frame   0x00001eac       0xc8 src/OctoPlus/drivers/leds.o
 .debug_frame   0x00001f74       0x34 src/OctoPlus/drivers/switch.o
 .debug_frame   0x00001fa8      0x120 src/OctoPlus/drivers/usb_serial.o
 .debug_frame   0x000020c8      0x1a0 src/main.o

.debug_str      0x00000000    0x312e4
 *(.debug_str)
 .debug_str     0x00000000    0x2732b src/ASF/common/services/usb/class/cdc/device/udi_cdc.o
                              0x279fb (size before relaxing)
 .debug_str     0x0002732b      0xa8a src/ASF/common/services/usb/udc/udc.o
                              0x26168 (size before relaxing)
 .debug_str     0x00027db5     0x1e8c src/ASF/xmega/drivers/tc/tc.o
                              0x24e42 (size before relaxing)
 .debug_str     0x00029c41      0x5c4 src/ASF/xmega/drivers/twi/twim.o
                              0x235cf (size before relaxing)
 .debug_str     0x0002a205     0x3a2f src/ASF/xmega/drivers/usb/usb_device.o
                              0x2abd7 (size before relaxing)
 .debug_str     0x0002dc34      0x231 src/ASF/common/services/usb/class/cdc/device/udi_cdc_desc.o
                              0x27091 (size before relaxing)
 .debug_str     0x0002de65       0x35 src/ASF/common/services/sleepmgr/xmega/sleepmgr.o
                              0x233da (size before relaxing)
 .debug_str     0x0002de9a      0x2d7 src/ASF/common/services/clock/xmega/sysclk.o
                              0x24985 (size before relaxing)
 .debug_str     0x0002e171      0xb82 src/ASF/xmega/services/pwm/pwm.o
                              0x29165 (size before relaxing)
 .debug_str     0x0002ecf3     0x2001 src/OctoPlus/drivers/gesture_ligth_sensor.o
                              0x2b3a5 (size before relaxing)
 .debug_str     0x00030cf4      0x1cc src/OctoPlus/drivers/io_port.o
                              0x2a3e2 (size before relaxing)
 .debug_str     0x00030ec0       0x8d src/OctoPlus/drivers/motors.o
                              0x2a1ab (size before relaxing)
 .debug_str     0x00030f4d       0x61 src/OctoPlus/drivers/OctoPlus.o
                              0x2a111 (size before relaxing)
 .debug_str     0x00030fae       0x6a src/OctoPlus/drivers/leds.o
                              0x2a551 (size before relaxing)
 .debug_str     0x00031018       0x2e src/OctoPlus/drivers/switch.o
                              0x2a2cf (size before relaxing)
 .debug_str     0x00031046       0xc3 src/OctoPlus/drivers/usb_serial.o
                              0x2a4b8 (size before relaxing)
 .debug_str     0x00031109      0x1db src/main.o
                              0x2ab50 (size before relaxing)

.debug_loc      0x00000000     0x81fd
 *(.debug_loc)
 .debug_loc     0x00000000      0xddc src/ASF/common/services/usb/class/cdc/device/udi_cdc.o
 .debug_loc     0x00000ddc      0x4f1 src/ASF/common/services/usb/udc/udc.o
 .debug_loc     0x000012cd     0x16a8 src/ASF/xmega/drivers/tc/tc.o
 .debug_loc     0x00002975      0x470 src/ASF/xmega/drivers/twi/twim.o
 .debug_loc     0x00002de5      0xfa4 src/ASF/xmega/drivers/usb/usb_device.o
 .debug_loc     0x00003d89      0x31e src/ASF/common/services/clock/xmega/sysclk.o
 .debug_loc     0x000040a7      0x646 src/ASF/xmega/services/pwm/pwm.o
 .debug_loc     0x000046ed     0x1fd0 src/OctoPlus/drivers/gesture_ligth_sensor.o
 .debug_loc     0x000066bd      0x4b2 src/OctoPlus/drivers/io_port.o
 .debug_loc     0x00006b6f      0x736 src/OctoPlus/drivers/motors.o
 .debug_loc     0x000072a5      0x4f5 src/OctoPlus/drivers/leds.o
 .debug_loc     0x0000779a      0x41d src/OctoPlus/drivers/usb_serial.o
 .debug_loc     0x00007bb7      0x646 src/main.o

.debug_macinfo
 *(.debug_macinfo)

.debug_weaknames
 *(.debug_weaknames)

.debug_funcnames
 *(.debug_funcnames)

.debug_typenames
 *(.debug_typenames)

.debug_varnames
 *(.debug_varnames)

.debug_pubtypes
 *(.debug_pubtypes)

.debug_ranges   0x00000000      0x8b0
 *(.debug_ranges)
 .debug_ranges  0x00000000      0x158 src/ASF/common/services/usb/class/cdc/device/udi_cdc.o
 .debug_ranges  0x00000158       0x60 src/ASF/common/services/usb/udc/udc.o
 .debug_ranges  0x000001b8      0x118 src/ASF/xmega/drivers/tc/tc.o
 .debug_ranges  0x000002d0       0x60 src/ASF/xmega/drivers/twi/twim.o
 .debug_ranges  0x00000330      0x128 src/ASF/xmega/drivers/usb/usb_device.o
 .debug_ranges  0x00000458       0x30 src/ASF/common/services/clock/xmega/sysclk.o
 .debug_ranges  0x00000488       0x20 src/ASF/xmega/drivers/nvm/nvm_asm.o
 .debug_ranges  0x000004a8       0x20 src/ASF/xmega/services/pwm/pwm.o
 .debug_ranges  0x000004c8      0x228 src/OctoPlus/drivers/gesture_ligth_sensor.o
 .debug_ranges  0x000006f0       0x50 src/OctoPlus/drivers/io_port.o
 .debug_ranges  0x00000740       0x58 src/OctoPlus/drivers/motors.o
 .debug_ranges  0x00000798       0x10 src/OctoPlus/drivers/OctoPlus.o
 .debug_ranges  0x000007a8       0x40 src/OctoPlus/drivers/leds.o
 .debug_ranges  0x000007e8       0x18 src/OctoPlus/drivers/switch.o
 .debug_ranges  0x00000800       0x50 src/OctoPlus/drivers/usb_serial.o
 .debug_ranges  0x00000850       0x60 src/main.o

.debug_macro    0x00000000     0xd3c3
 *(.debug_macro)
 .debug_macro   0x00000000      0x299 src/ASF/common/services/usb/class/cdc/device/udi_cdc.o
 .debug_macro   0x00000299      0xa3c src/ASF/common/services/usb/class/cdc/device/udi_cdc.o
 .debug_macro   0x00000cd5       0x10 src/ASF/common/services/usb/class/cdc/device/udi_cdc.o
 .debug_macro   0x00000ce5      0x1ad src/ASF/common/services/usb/class/cdc/device/udi_cdc.o
 .debug_macro   0x00000e92      0x293 src/ASF/common/services/usb/class/cdc/device/udi_cdc.o
 .debug_macro   0x00001125       0x9e src/ASF/common/services/usb/class/cdc/device/udi_cdc.o
 .debug_macro   0x000011c3     0x5486 src/ASF/common/services/usb/class/cdc/device/udi_cdc.o
 .debug_macro   0x00006649       0x9a src/ASF/common/services/usb/class/cdc/device/udi_cdc.o
 .debug_macro   0x000066e3       0xf1 src/ASF/common/services/usb/class/cdc/device/udi_cdc.o
 .debug_macro   0x000067d4       0x34 src/ASF/common/services/usb/class/cdc/device/udi_cdc.o
 .debug_macro   0x00006808       0x10 src/ASF/common/services/usb/class/cdc/device/udi_cdc.o
 .debug_macro   0x00006818       0x18 src/ASF/common/services/usb/class/cdc/device/udi_cdc.o
 .debug_macro   0x00006830       0x5e src/ASF/common/services/usb/class/cdc/device/udi_cdc.o
 .debug_macro   0x0000688e       0x10 src/ASF/common/services/usb/class/cdc/device/udi_cdc.o
 .debug_macro   0x0000689e       0x22 src/ASF/common/services/usb/class/cdc/device/udi_cdc.o
 .debug_macro   0x000068c0      0x166 src/ASF/common/services/usb/class/cdc/device/udi_cdc.o
 .debug_macro   0x00006a26       0x1c src/ASF/common/services/usb/class/cdc/device/udi_cdc.o
 .debug_macro   0x00006a42       0x35 src/ASF/common/services/usb/class/cdc/device/udi_cdc.o
 .debug_macro   0x00006a77       0x66 src/ASF/common/services/usb/class/cdc/device/udi_cdc.o
 .debug_macro   0x00006add      0x476 src/ASF/common/services/usb/class/cdc/device/udi_cdc.o
 .debug_macro   0x00006f53       0x97 src/ASF/common/services/usb/class/cdc/device/udi_cdc.o
 .debug_macro   0x00006fea       0x17 src/ASF/common/services/usb/class/cdc/device/udi_cdc.o
 .debug_macro   0x00007001      0x250 src/ASF/common/services/usb/class/cdc/device/udi_cdc.o
 .debug_macro   0x00007251       0x76 src/ASF/common/services/usb/class/cdc/device/udi_cdc.o
 .debug_macro   0x000072c7       0x16 src/ASF/common/services/usb/class/cdc/device/udi_cdc.o
 .debug_macro   0x000072dd      0x6e0 src/ASF/common/services/usb/class/cdc/device/udi_cdc.o
 .debug_macro   0x000079bd       0x10 src/ASF/common/services/usb/class/cdc/device/udi_cdc.o
 .debug_macro   0x000079cd      0x175 src/ASF/common/services/usb/class/cdc/device/udi_cdc.o
 .debug_macro   0x00007b42       0x40 src/ASF/common/services/usb/class/cdc/device/udi_cdc.o
 .debug_macro   0x00007b82       0x69 src/ASF/common/services/usb/class/cdc/device/udi_cdc.o
 .debug_macro   0x00007beb       0x32 src/ASF/common/services/usb/class/cdc/device/udi_cdc.o
 .debug_macro   0x00007c1d       0xe4 src/ASF/common/services/usb/class/cdc/device/udi_cdc.o
 .debug_macro   0x00007d01       0x7e src/ASF/common/services/usb/class/cdc/device/udi_cdc.o
 .debug_macro   0x00007d7f      0x225 src/ASF/common/services/usb/class/cdc/device/udi_cdc.o
 .debug_macro   0x00007fa4       0xf0 src/ASF/common/services/usb/class/cdc/device/udi_cdc.o
 .debug_macro   0x00008094      0x241 src/ASF/common/services/usb/class/cdc/device/udi_cdc.o
 .debug_macro   0x000082d5      0x17e src/ASF/common/services/usb/class/cdc/device/udi_cdc.o
 .debug_macro   0x00008453       0x16 src/ASF/common/services/usb/class/cdc/device/udi_cdc.o
 .debug_macro   0x00008469       0x1c src/ASF/common/services/usb/class/cdc/device/udi_cdc.o
 .debug_macro   0x00008485      0x190 src/ASF/common/services/usb/class/cdc/device/udi_cdc.o
 .debug_macro   0x00008615       0x16 src/ASF/common/services/usb/class/cdc/device/udi_cdc.o
 .debug_macro   0x0000862b      0x1f6 src/ASF/common/services/usb/udc/udc.o
 .debug_macro   0x00008821      0x230 src/ASF/xmega/drivers/tc/tc.o
 .debug_macro   0x00008a51      0x299 src/ASF/xmega/drivers/tc/tc.o
 .debug_macro   0x00008cea       0x10 src/ASF/xmega/drivers/tc/tc.o
 .debug_macro   0x00008cfa       0x5e src/ASF/xmega/drivers/tc/tc.o
 .debug_macro   0x00008d58       0x2e src/ASF/xmega/drivers/tc/tc.o
 .debug_macro   0x00008d86      0x229 src/ASF/xmega/drivers/tc/tc.o
 .debug_macro   0x00008faf       0x66 src/ASF/xmega/drivers/tc/tc.o
 .debug_macro   0x00009015       0x2f src/ASF/xmega/drivers/tc/tc.o
 .debug_macro   0x00009044      0x154 src/ASF/xmega/drivers/tc/tc.o
 .debug_macro   0x00009198       0x12 src/ASF/xmega/drivers/tc/tc.o
 .debug_macro   0x000091aa      0x198 src/ASF/xmega/drivers/twi/twim.o
 .debug_macro   0x00009342       0x16 src/ASF/xmega/drivers/twi/twim.o
 .debug_macro   0x00009358       0x22 src/ASF/xmega/drivers/twi/twim.o
 .debug_macro   0x0000937a       0x10 src/ASF/xmega/drivers/twi/twim.o
 .debug_macro   0x0000938a      0x2ca src/ASF/xmega/drivers/usb/usb_device.o
 .debug_macro   0x00009654       0x26 src/ASF/xmega/drivers/usb/usb_device.o
 .debug_macro   0x0000967a      0x467 src/ASF/xmega/drivers/usb/usb_device.o
 .debug_macro   0x00009ae1      0x20a src/ASF/common/services/usb/class/cdc/device/udi_cdc_desc.o
 .debug_macro   0x00009ceb      0x1a3 src/ASF/common/services/sleepmgr/xmega/sleepmgr.o
 .debug_macro   0x00009e8e      0x1e6 src/ASF/common/services/clock/xmega/sysclk.o
 .debug_macro   0x0000a074      0x379 src/ASF/xmega/services/pwm/pwm.o
 .debug_macro   0x0000a3ed       0x34 src/ASF/xmega/services/pwm/pwm.o
 .debug_macro   0x0000a421       0x28 src/ASF/xmega/services/pwm/pwm.o
 .debug_macro   0x0000a449       0x22 src/ASF/xmega/services/pwm/pwm.o
 .debug_macro   0x0000a46b       0x28 src/ASF/xmega/services/pwm/pwm.o
 .debug_macro   0x0000a493       0x84 src/ASF/xmega/services/pwm/pwm.o
 .debug_macro   0x0000a517      0x501 src/OctoPlus/drivers/gesture_ligth_sensor.o
 .debug_macro   0x0000aa18       0x58 src/OctoPlus/drivers/gesture_ligth_sensor.o
 .debug_macro   0x0000aa70       0x10 src/OctoPlus/drivers/gesture_ligth_sensor.o
 .debug_macro   0x0000aa80       0xeb src/OctoPlus/drivers/gesture_ligth_sensor.o
 .debug_macro   0x0000ab6b       0xb2 src/OctoPlus/drivers/gesture_ligth_sensor.o
 .debug_macro   0x0000ac1d       0x64 src/OctoPlus/drivers/gesture_ligth_sensor.o
 .debug_macro   0x0000ac81       0x8e src/OctoPlus/drivers/gesture_ligth_sensor.o
 .debug_macro   0x0000ad0f       0x22 src/OctoPlus/drivers/gesture_ligth_sensor.o
 .debug_macro   0x0000ad31      0x34a src/OctoPlus/drivers/gesture_ligth_sensor.o
 .debug_macro   0x0000b07b      0x501 src/OctoPlus/drivers/io_port.o
 .debug_macro   0x0000b57c      0x501 src/OctoPlus/drivers/motors.o
 .debug_macro   0x0000ba7d      0x52c src/OctoPlus/drivers/OctoPlus.o
 .debug_macro   0x0000bfa9      0x501 src/OctoPlus/drivers/leds.o
 .debug_macro   0x0000c4aa      0x501 src/OctoPlus/drivers/switch.o
 .debug_macro   0x0000c9ab      0x501 src/OctoPlus/drivers/usb_serial.o
 .debug_macro   0x0000ceac      0x517 src/main.o
OUTPUT(Octoplus-Template.elf elf32-avr)
LOAD linker stubs
